2026-09-27 06:31:06 | nginx | DOWN | RECOVERY_ATTEMPTED
2026-09-27 06:31:06 | nginx | RECOVERED
2026-09-27 10:56:01 | nginx | DOWN | AUTO-HEALING_TRIGGERED
2026-09-27 10:56:01 | nginx | DOWN | RECOVERY_ATTEMPTED
2026-09-27 10:56:01 | nginx | RECOVERED
2026-09-27 11:56:59 | nginx | DOWN | AUTO-HEALING_TRIGGERED
2026-09-27 11:56:59 | nginx | DOWN | RECOVERY_STARTED
2026-09-27 11:56:59 | nginx | RECOVERY_ATTEMPT=1
2026-09-27 11:57:01 | nginx | RECOVERED | ATTEMPT=1
2026-09-27 12:03:37 | nginx | DOWN | AUTO-HEALING_TRIGGERED
2026-09-27 12:03:37 | nginx | DOWN | RECOVERY_STARTED
2026-09-27 12:03:37 | nginx | RECOVERY_ATTEMPT=1
2026-09-27 12:03:39 | nginx | RECOVERED | ATTEMPT=1
2026-09-27 12:04:09 | nginx | DOWN | AUTO-HEALING_TRIGGERED
2026-09-27 12:04:09 | nginx | DOWN | RECOVERY_STARTED
2026-09-27 12:04:09 | nginx | RECOVERY_ATTEMPT=1
2026-09-27 12:04:11 | nginx | RECOVERED | ATTEMPT=1
2026-09-27 12:08:09 | nginx | DOWN | AUTO-HEALING_TRIGGERED
2026-09-27 12:08:10 | nginx | DOWN | RECOVERY_STARTED
2026-09-27 12:08:10 | nginx | RECOVERY_ATTEMPT=1
2026-09-27 12:08:12 | nginx | RECOVERED | ATTEMPT=1
